user:
  name: Alice
  id: 123
  email: alice@example.com
  password: secret123
api:
  endpoint: https://api.v2.example.com
  secret: api_secret_key
  token: ---bearer-token---
database:
  host: localhost
  port: 8080
  name: "'myapp_db'"
cache:
  redis_host: localhost
  redis_port: 6379
service:
  endpoint: https://service.com
  timeout: 30
temp: {}
config: {}
testing:
  whitespace: "  test value  "
  custom_trim: "***important***"
