settings:
  timeout: 60
user:
  fullName: StdinUser
  id: 999
