{
  "application": {
    "debug": true,
    "name": "stdin-yaml-app",
    "port": 8080,
    "version": "1.0.0"
  },
  "database": {
    "host": "localhost",
    "port": 5432,
    "ssl": false,
    "user": "app_user"
  },
  "features": {
    "auth": true,
    "cache": false
  },
  "logging": {
    "format": "text",
    "level": "info",
    "output": "stdout"
  }
}

