{
  "APPLICATION_NAME": "stdin-env-app\\nAPPLICATION_PORT=7000"
}

