api:
  baseUrl: env-override.example.com:8080
  retries: 3
  timeout: 30s
app:
  environment: test
  name: variable-test-app
database:
  host: localhost
  name: testdb
  port: 5432
deployment:
  namespace: production
  replicas: ${REPLICA_COUNT}
nested:
  config:
    setting: from-environment
