database:
  connection_string: postgresql://${database.host}:${database.port}/${database.name}
features: {}
service:
  environment: production
  name: BASE-SERVICE
  url: ${service.protocol}://${service.name}:${service.port}
