database:
  pool_size: 20
features:
  analytics: true
  cache: true
service:
  environment: production
  name: base-service
  url: https://${service.name}.api.com/v2
