app:
  name: base-app
  port: 3000
  version: 1.0.0
database:
  connection:
    pool_size: 50
    timeout: 30
  host: localhost
  name: myapp
  port: 5432
  ssl: false
features:
  auth: false
  cache: false
  monitoring: true
logging:
  format: json
  level: info
  outputs:
    - stdout
    - file
nested:
  deep:
    very:
      deep:
        value: original
